MPLINK 5.08, LINKER
Linker Map File - Created Sun Apr 30 18:15:27 2017

                                 Section Info
                  Section       Type    Address   Location Size(Bytes)
                ---------  ---------  ---------  ---------  ---------
                   .org_0       code   0x000000    program   0x000002
                   .cinit    romdata   0x000001    program   0x000004
                   .org_1       code   0x000004    program   0x000002
                   .org_2       code   0x000005    program   0x000150
.config_2007_BUILD/DEFAULT/PRODUCTION/LAB10MA       code   0x002007    program   0x000002



                              Program Memory Usage 
                               Start         End      
                           ---------   ---------      
                            0x000000    0x000002      
                            0x000004    0x0000ac      
                            0x002007    0x002007      
            173 out of 1030 program addresses used, program memory utilization is 16%



                              Symbols - Sorted by Name
                     Name    Address   Location    Storage File                     
                ---------  ---------  ---------  --------- ---------                
              BadStartBit   0x00003f    program     static U:\afbell\My Documents\Lab10\Software\ME218Lab10\Lab10.X\Lab10Main.asm
            ClearTMR2Flag   0x00005e    program     static U:\afbell\My Documents\Lab10\Software\ME218Lab10\Lab10.X\Lab10Main.asm
                  DataBit   0x000043    program     static U:\afbell\My Documents\Lab10\Software\ME218Lab10\Lab10.X\Lab10Main.asm
             GoodStartBit   0x000032    program     static U:\afbell\My Documents\Lab10\Software\ME218Lab10\Lab10.X\Lab10Main.asm
                     HUAD   0x000010    program     static U:\afbell\My Documents\Lab10\Software\ME218Lab10\Lab10.X\Lab10Main.asm
                      ISR   0x000011    program     static U:\afbell\My Documents\Lab10\Software\ME218Lab10\Lab10.X\Lab10Main.asm
                 ISR_BODY   0x000018    program     static U:\afbell\My Documents\Lab10\Software\ME218Lab10\Lab10.X\Lab10Main.asm
               ISR_TIMER1   0x000061    program     static U:\afbell\My Documents\Lab10\Software\ME218Lab10\Lab10.X\Lab10Main.asm
               ISR_TIMER2   0x000029    program     static U:\afbell\My Documents\Lab10\Software\ME218Lab10\Lab10.X\Lab10Main.asm
                 InitGPIO   0x00007c    program     static U:\afbell\My Documents\Lab10\Software\ME218Lab10\Lab10.X\Lab10Main.asm
                InitRxIOC   0x00008e    program     static U:\afbell\My Documents\Lab10\Software\ME218Lab10\Lab10.X\Lab10Main.asm
           InitRxLEDTimer   0x000095    program     static U:\afbell\My Documents\Lab10\Software\ME218Lab10\Lab10.X\Lab10Main.asm
               InitTimer2   0x0000a1    program     static U:\afbell\My Documents\Lab10\Software\ME218Lab10\Lab10.X\Lab10Main.asm
                     Main   0x000005    program     static U:\afbell\My Documents\Lab10\Software\ME218Lab10\Lab10.X\Lab10Main.asm
               NewDataBit   0x000046    program     static U:\afbell\My Documents\Lab10\Software\ME218Lab10\Lab10.X\Lab10Main.asm
                      Pop   0x000068    program     static U:\afbell\My Documents\Lab10\Software\ME218Lab10\Lab10.X\Lab10Main.asm
                     Push   0x000011    program     static U:\afbell\My Documents\Lab10\Software\ME218Lab10\Lab10.X\Lab10Main.asm
          RX_FALLING_EDGE   0x00001c    program     static U:\afbell\My Documents\Lab10\Software\ME218Lab10\Lab10.X\Lab10Main.asm
                      Run   0x00000d    program     static U:\afbell\My Documents\Lab10\Software\ME218Lab10\Lab10.X\Lab10Main.asm
                 StartBit   0x00002f    program     static U:\afbell\My Documents\Lab10\Software\ME218Lab10\Lab10.X\Lab10Main.asm
                  StopBit   0x00004e    program     static U:\afbell\My Documents\Lab10\Software\ME218Lab10\Lab10.X\Lab10Main.asm
           Timer2_Reponse   0x00002d    program     static U:\afbell\My Documents\Lab10\Software\ME218Lab10\Lab10.X\Lab10Main.asm
           UpdateDataLEDs   0x00006f    program     static U:\afbell\My Documents\Lab10\Software\ME218Lab10\Lab10.X\Lab10Main.asm
           UpdateGreenLED   0x000077    program     static U:\afbell\My Documents\Lab10\Software\ME218Lab10\Lab10.X\Lab10Main.asm
             UpdateRedLED   0x00006f    program     static U:\afbell\My Documents\Lab10\Software\ME218Lab10\Lab10.X\Lab10Main.asm
          UpdateYellowLED   0x000073    program     static U:\afbell\My Documents\Lab10\Software\ME218Lab10\Lab10.X\Lab10Main.asm
             _.org_2_0010   0x000010    program     static U:\afbell\My Documents\Lab10\Software\ME218Lab10\Lab10.X\Lab10Main.asm



                              Symbols - Sorted by Address
                     Name    Address   Location    Storage File                     
                ---------  ---------  ---------  --------- ---------                
                     Main   0x000005    program     static U:\afbell\My Documents\Lab10\Software\ME218Lab10\Lab10.X\Lab10Main.asm
                      Run   0x00000d    program     static U:\afbell\My Documents\Lab10\Software\ME218Lab10\Lab10.X\Lab10Main.asm
             _.org_2_0010   0x000010    program     static U:\afbell\My Documents\Lab10\Software\ME218Lab10\Lab10.X\Lab10Main.asm
                     HUAD   0x000010    program     static U:\afbell\My Documents\Lab10\Software\ME218Lab10\Lab10.X\Lab10Main.asm
                      ISR   0x000011    program     static U:\afbell\My Documents\Lab10\Software\ME218Lab10\Lab10.X\Lab10Main.asm
                     Push   0x000011    program     static U:\afbell\My Documents\Lab10\Software\ME218Lab10\Lab10.X\Lab10Main.asm
                 ISR_BODY   0x000018    program     static U:\afbell\My Documents\Lab10\Software\ME218Lab10\Lab10.X\Lab10Main.asm
          RX_FALLING_EDGE   0x00001c    program     static U:\afbell\My Documents\Lab10\Software\ME218Lab10\Lab10.X\Lab10Main.asm
               ISR_TIMER2   0x000029    program     static U:\afbell\My Documents\Lab10\Software\ME218Lab10\Lab10.X\Lab10Main.asm
           Timer2_Reponse   0x00002d    program     static U:\afbell\My Documents\Lab10\Software\ME218Lab10\Lab10.X\Lab10Main.asm
                 StartBit   0x00002f    program     static U:\afbell\My Documents\Lab10\Software\ME218Lab10\Lab10.X\Lab10Main.asm
             GoodStartBit   0x000032    program     static U:\afbell\My Documents\Lab10\Software\ME218Lab10\Lab10.X\Lab10Main.asm
              BadStartBit   0x00003f    program     static U:\afbell\My Documents\Lab10\Software\ME218Lab10\Lab10.X\Lab10Main.asm
                  DataBit   0x000043    program     static U:\afbell\My Documents\Lab10\Software\ME218Lab10\Lab10.X\Lab10Main.asm
               NewDataBit   0x000046    program     static U:\afbell\My Documents\Lab10\Software\ME218Lab10\Lab10.X\Lab10Main.asm
                  StopBit   0x00004e    program     static U:\afbell\My Documents\Lab10\Software\ME218Lab10\Lab10.X\Lab10Main.asm
            ClearTMR2Flag   0x00005e    program     static U:\afbell\My Documents\Lab10\Software\ME218Lab10\Lab10.X\Lab10Main.asm
               ISR_TIMER1   0x000061    program     static U:\afbell\My Documents\Lab10\Software\ME218Lab10\Lab10.X\Lab10Main.asm
                      Pop   0x000068    program     static U:\afbell\My Documents\Lab10\Software\ME218Lab10\Lab10.X\Lab10Main.asm
           UpdateDataLEDs   0x00006f    program     static U:\afbell\My Documents\Lab10\Software\ME218Lab10\Lab10.X\Lab10Main.asm
             UpdateRedLED   0x00006f    program     static U:\afbell\My Documents\Lab10\Software\ME218Lab10\Lab10.X\Lab10Main.asm
          UpdateYellowLED   0x000073    program     static U:\afbell\My Documents\Lab10\Software\ME218Lab10\Lab10.X\Lab10Main.asm
           UpdateGreenLED   0x000077    program     static U:\afbell\My Documents\Lab10\Software\ME218Lab10\Lab10.X\Lab10Main.asm
                 InitGPIO   0x00007c    program     static U:\afbell\My Documents\Lab10\Software\ME218Lab10\Lab10.X\Lab10Main.asm
                InitRxIOC   0x00008e    program     static U:\afbell\My Documents\Lab10\Software\ME218Lab10\Lab10.X\Lab10Main.asm
           InitRxLEDTimer   0x000095    program     static U:\afbell\My Documents\Lab10\Software\ME218Lab10\Lab10.X\Lab10Main.asm
               InitTimer2   0x0000a1    program     static U:\afbell\My Documents\Lab10\Software\ME218Lab10\Lab10.X\Lab10Main.asm


